  Determining projects to restore...
  All projects are up-to-date for restore.
  MyDDD.Template.Domain -> /home/luther/Projects/MyDDD.Template.Standard/src/MyDDD.Template.Domain/bin/Debug/net10.0/MyDDD.Template.Domain.dll
  MyDDD.Template.Application -> /home/luther/Projects/MyDDD.Template.Standard/src/MyDDD.Template.Application/bin/Debug/net10.0/MyDDD.Template.Application.dll
/home/luther/Projects/MyDDD.Template.Standard/tests/MyDDD.Template.UnitTests/Domain/ProjectTests.cs(27,22): error CS1061: 'ProjectCreatedDomainEvent' does not contain a definition for 'ProjectId' and no accessible extension method 'ProjectId' accepting a first argument of type 'ProjectCreatedDomainEvent' could be found (are you missing a using directive or an assembly reference?) [/home/luther/Projects/MyDDD.Template.Standard/tests/MyDDD.Template.UnitTests/MyDDD.Template.UnitTests.csproj]
/home/luther/Projects/MyDDD.Template.Standard/tests/MyDDD.Template.UnitTests/Domain/ProjectTests.cs(11,17): warning CA1707: Remove the underscores from member name MyDDD.Template.UnitTests.Domain.ProjectTests.Create_Should_SetPropertiesAndRaiseEvent_When_ArgumentsAreValid() (https://learn.microsoft.com/dotnet/fundamentals/code-analysis/quality-rules/ca1707) [/home/luther/Projects/MyDDD.Template.Standard/tests/MyDDD.Template.UnitTests/MyDDD.Template.UnitTests.csproj]
/home/luther/Projects/MyDDD.Template.Standard/tests/MyDDD.Template.UnitTests/Domain/ProjectTests.cs(35,17): warning CA1707: Remove the underscores from member name MyDDD.Template.UnitTests.Domain.ProjectTests.Create_Should_ThrowArgumentException_When_NameIsInvalid(string?) (https://learn.microsoft.com/dotnet/fundamentals/code-analysis/quality-rules/ca1707) [/home/luther/Projects/MyDDD.Template.Standard/tests/MyDDD.Template.UnitTests/MyDDD.Template.UnitTests.csproj]
/home/luther/Projects/MyDDD.Template.Standard/tests/MyDDD.Template.UnitTests/Domain/ProjectTests.cs(66,17): warning CA1707: Remove the underscores from member name MyDDD.Template.UnitTests.Domain.ProjectTests.UpdateName_Should_NotUpdateName_When_NewNameIsInvalid(string?) (https://learn.microsoft.com/dotnet/fundamentals/code-analysis/quality-rules/ca1707) [/home/luther/Projects/MyDDD.Template.Standard/tests/MyDDD.Template.UnitTests/MyDDD.Template.UnitTests.csproj]
/home/luther/Projects/MyDDD.Template.Standard/tests/MyDDD.Template.UnitTests/Domain/ProjectTests.cs(49,17): warning CA1707: Remove the underscores from member name MyDDD.Template.UnitTests.Domain.ProjectTests.UpdateName_Should_UpdateName_When_NewNameIsValid() (https://learn.microsoft.com/dotnet/fundamentals/code-analysis/quality-rules/ca1707) [/home/luther/Projects/MyDDD.Template.Standard/tests/MyDDD.Template.UnitTests/MyDDD.Template.UnitTests.csproj]
/home/luther/Projects/MyDDD.Template.Standard/tests/MyDDD.Template.UnitTests/Application/CreateProjectTests.cs(31,23): warning CA1707: Remove the underscores from member name MyDDD.Template.UnitTests.Application.CreateProjectTests.Handle_Should_ReturnSuccessResult_When_CommandIsValid() (https://learn.microsoft.com/dotnet/fundamentals/code-analysis/quality-rules/ca1707) [/home/luther/Projects/MyDDD.Template.Standard/tests/MyDDD.Template.UnitTests/MyDDD.Template.UnitTests.csproj]
/home/luther/Projects/MyDDD.Template.Standard/tests/MyDDD.Template.UnitTests/Application/CreateProjectTests.cs(57,23): warning CA1707: Remove the underscores from member name MyDDD.Template.UnitTests.Application.CreateProjectTests.Handle_Should_ReturnFailure_When_ProjectNameAlreadyExists() (https://learn.microsoft.com/dotnet/fundamentals/code-analysis/quality-rules/ca1707) [/home/luther/Projects/MyDDD.Template.Standard/tests/MyDDD.Template.UnitTests/MyDDD.Template.UnitTests.csproj]

Build FAILED.

/home/luther/Projects/MyDDD.Template.Standard/tests/MyDDD.Template.UnitTests/Domain/ProjectTests.cs(11,17): warning CA1707: Remove the underscores from member name MyDDD.Template.UnitTests.Domain.ProjectTests.Create_Should_SetPropertiesAndRaiseEvent_When_ArgumentsAreValid() (https://learn.microsoft.com/dotnet/fundamentals/code-analysis/quality-rules/ca1707) [/home/luther/Projects/MyDDD.Template.Standard/tests/MyDDD.Template.UnitTests/MyDDD.Template.UnitTests.csproj]
/home/luther/Projects/MyDDD.Template.Standard/tests/MyDDD.Template.UnitTests/Domain/ProjectTests.cs(35,17): warning CA1707: Remove the underscores from member name MyDDD.Template.UnitTests.Domain.ProjectTests.Create_Should_ThrowArgumentException_When_NameIsInvalid(string?) (https://learn.microsoft.com/dotnet/fundamentals/code-analysis/quality-rules/ca1707) [/home/luther/Projects/MyDDD.Template.Standard/tests/MyDDD.Template.UnitTests/MyDDD.Template.UnitTests.csproj]
/home/luther/Projects/MyDDD.Template.Standard/tests/MyDDD.Template.UnitTests/Domain/ProjectTests.cs(66,17): warning CA1707: Remove the underscores from member name MyDDD.Template.UnitTests.Domain.ProjectTests.UpdateName_Should_NotUpdateName_When_NewNameIsInvalid(string?) (https://learn.microsoft.com/dotnet/fundamentals/code-analysis/quality-rules/ca1707) [/home/luther/Projects/MyDDD.Template.Standard/tests/MyDDD.Template.UnitTests/MyDDD.Template.UnitTests.csproj]
/home/luther/Projects/MyDDD.Template.Standard/tests/MyDDD.Template.UnitTests/Domain/ProjectTests.cs(49,17): warning CA1707: Remove the underscores from member name MyDDD.Template.UnitTests.Domain.ProjectTests.UpdateName_Should_UpdateName_When_NewNameIsValid() (https://learn.microsoft.com/dotnet/fundamentals/code-analysis/quality-rules/ca1707) [/home/luther/Projects/MyDDD.Template.Standard/tests/MyDDD.Template.UnitTests/MyDDD.Template.UnitTests.csproj]
/home/luther/Projects/MyDDD.Template.Standard/tests/MyDDD.Template.UnitTests/Application/CreateProjectTests.cs(31,23): warning CA1707: Remove the underscores from member name MyDDD.Template.UnitTests.Application.CreateProjectTests.Handle_Should_ReturnSuccessResult_When_CommandIsValid() (https://learn.microsoft.com/dotnet/fundamentals/code-analysis/quality-rules/ca1707) [/home/luther/Projects/MyDDD.Template.Standard/tests/MyDDD.Template.UnitTests/MyDDD.Template.UnitTests.csproj]
/home/luther/Projects/MyDDD.Template.Standard/tests/MyDDD.Template.UnitTests/Application/CreateProjectTests.cs(57,23): warning CA1707: Remove the underscores from member name MyDDD.Template.UnitTests.Application.CreateProjectTests.Handle_Should_ReturnFailure_When_ProjectNameAlreadyExists() (https://learn.microsoft.com/dotnet/fundamentals/code-analysis/quality-rules/ca1707) [/home/luther/Projects/MyDDD.Template.Standard/tests/MyDDD.Template.UnitTests/MyDDD.Template.UnitTests.csproj]
/home/luther/Projects/MyDDD.Template.Standard/tests/MyDDD.Template.UnitTests/Domain/ProjectTests.cs(27,22): error CS1061: 'ProjectCreatedDomainEvent' does not contain a definition for 'ProjectId' and no accessible extension method 'ProjectId' accepting a first argument of type 'ProjectCreatedDomainEvent' could be found (are you missing a using directive or an assembly reference?) [/home/luther/Projects/MyDDD.Template.Standard/tests/MyDDD.Template.UnitTests/MyDDD.Template.UnitTests.csproj]
    6 Warning(s)
    1 Error(s)

Time Elapsed 00:00:01.15
